// Jest Snapshot v1, https://goo.gl/fbAQLP

exports[`Testing <CounterApp/> should match with the snapshot 1`] = `
<div>
  <h1>
    Contador
  </h1>
  <h2>
    100
     
  </h2>
  <div>
    <button>
      1+
    </button>
    <button>
      1-
    </button>
    <button
      aria-label="btn-reset"
    >
      Reset
    </button>
  </div>
</div>
`;
